// Jest Snapshot v1, https://goo.gl/fbAQLP

exports[`main.add 0 1`] = `"101"`;

exports[`main.add 1 1`] = `"-10.96"`;

exports[`main.add 2 1`] = `"100"`;

exports[`main.add 3 1`] = `"100"`;

exports[`main.add 4 1`] = `"200"`;

exports[`main.add 5 1`] = `"NaN"`;
